
> red-herring-and-gun@0.1.0 build
> tsc && vite build

vite v8.0.13 building client environment for production...
[2Ktransforming...✓ 1323 modules transformed.
rendering chunks...
computing gzip size...
dist/index.html                                1.23 kB │ gzip:   0.67 kB
dist/assets/LegacyDesk-DvtXGE2S.css            3.44 kB │ gzip:   1.17 kB
dist/assets/MissionControlView-DEHLq7oQ.css   38.58 kB │ gzip:   7.75 kB
dist/assets/index-DEyqlMct.css               365.70 kB │ gzip:  59.75 kB
dist/assets/shareLongImage-khYD_35y.js         1.83 kB │ gzip:   0.90 kB
dist/assets/ReportFooter-DoRM7yxn.js           6.73 kB │ gzip:   2.98 kB
dist/assets/LegacyDesk-BZGxpryL.js            76.84 kB │ gzip:  23.84 kB
dist/assets/MissionControlView-PDoS-ySD.js   296.01 kB │ gzip:  96.87 kB
dist/assets/index-DpqUjGPZ.js                554.30 kB │ gzip: 176.60 kB

✓ built in 635ms
[plugin builtin:vite-reporter] 
(!) Some chunks are larger than 500 kB after minification. Consider:
- Using dynamic import() to code-split the application
- Use build.rolldownOptions.output.codeSplitting to improve chunking: https://rolldown.rs/reference/OutputOptions.codeSplitting
- Adjust chunk size limit for this warning via build.chunkSizeWarningLimit.
